2026-06-18 09:27:41,556 - etl_pipeline - INFO - Starting the E-COMMERCE INGESTION WORKFLOW.
2026-06-18 09:27:41,557 - etl_pipeline - INFO - Reading data from CSV files.
2026-06-18 09:27:41,785 - etl_pipeline - INFO - Cleaning user data.
2026-06-18 09:27:41,785 - etl_pipeline - INFO - Cleaning user data.
2026-06-18 09:27:41,820 - etl_pipeline - INFO - Cleaning product data.
2026-06-18 09:27:41,826 - etl_pipeline - INFO - Cleaning sessions data.
2026-06-18 09:27:41,864 - etl_pipeline - INFO - Cleaning interactions data.
2026-06-18 09:27:42,122 - etl_pipeline - INFO - Cleaning purchases data.
2026-06-18 09:27:42,128 - etl_pipeline - INFO - Cleaning reviews data.
2026-06-18 09:27:42,667 - etl_pipeline - INFO - Inserting users data into PostgreSQL.
2026-06-18 09:27:42,667 - etl_pipeline - INFO - Inserting users data into the database.
2026-06-18 09:27:43,271 - etl_pipeline - INFO - Inserting products data into PostgreSQL.
2026-06-18 09:27:43,335 - etl_pipeline - INFO - Inserting sessions data into PostgreSQL.
2026-06-18 09:27:44,266 - etl_pipeline - INFO - Inserting interactions data into PostgreSQL.
2026-06-18 09:27:49,635 - etl_pipeline - INFO - Inserting purchases data into PostgreSQL.
2026-06-18 09:27:49,740 - etl_pipeline - INFO - Inserting reviews data into PostgreSQL.
2026-06-18 09:43:32,695 - etl_pipeline - INFO - Starting the E-COMMERCE INGESTION WORKFLOW.
2026-06-18 09:43:32,695 - etl_pipeline - INFO - Reading data from CSV files.
2026-06-18 09:43:32,917 - etl_pipeline - INFO - Cleaning user data.
2026-06-18 09:43:32,917 - etl_pipeline - INFO - Cleaning user data.
2026-06-18 09:43:32,950 - etl_pipeline - INFO - Cleaning product data.
2026-06-18 09:43:32,957 - etl_pipeline - INFO - Cleaning sessions data.
2026-06-18 09:43:32,994 - etl_pipeline - INFO - Cleaning interactions data.
2026-06-18 09:43:33,222 - etl_pipeline - INFO - Cleaning purchases data.
2026-06-18 09:43:33,229 - etl_pipeline - INFO - Cleaning reviews data.
2026-06-18 09:43:33,396 - etl_pipeline - INFO - Inserting users data into PostgreSQL.
2026-06-18 09:43:33,396 - etl_pipeline - INFO - Inserting users data into the database.
2026-06-18 09:43:33,978 - etl_pipeline - INFO - Inserting products data into PostgreSQL.
2026-06-18 09:43:34,041 - etl_pipeline - INFO - Inserting sessions data into PostgreSQL.
2026-06-18 09:43:34,952 - etl_pipeline - INFO - Inserting interactions data into PostgreSQL.
2026-06-18 09:43:39,973 - etl_pipeline - INFO - Inserting purchases data into PostgreSQL.
2026-06-18 09:43:40,080 - etl_pipeline - INFO - Inserting reviews data into PostgreSQL.
2026-06-18 09:49:56,875 - etl_pipeline - INFO - Starting the E-COMMERCE INGESTION WORKFLOW.
2026-06-18 09:49:56,875 - etl_pipeline - INFO - Reading data from CSV files.
2026-06-18 09:49:57,089 - etl_pipeline - INFO - Cleaning user data.
2026-06-18 09:49:57,089 - etl_pipeline - INFO - Cleaning user data.
2026-06-18 09:49:57,122 - etl_pipeline - INFO - Cleaning product data.
2026-06-18 09:49:57,128 - etl_pipeline - INFO - Cleaning sessions data.
2026-06-18 09:49:57,165 - etl_pipeline - INFO - Cleaning interactions data.
2026-06-18 09:49:57,389 - etl_pipeline - INFO - Cleaning purchases data.
2026-06-18 09:49:57,396 - etl_pipeline - INFO - Cleaning reviews data.
2026-06-18 09:49:57,670 - etl_pipeline - INFO - Inserting users data into PostgreSQL.
2026-06-18 09:49:57,670 - etl_pipeline - INFO - Inserting users data into the database.
2026-06-18 09:49:58,265 - etl_pipeline - INFO - Inserting products data into PostgreSQL.
2026-06-18 09:49:58,329 - etl_pipeline - INFO - Inserting sessions data into PostgreSQL.
2026-06-18 09:49:59,305 - etl_pipeline - INFO - Inserting interactions data into PostgreSQL.
2026-06-18 09:50:04,514 - etl_pipeline - INFO - Inserting purchases data into PostgreSQL.
2026-06-18 09:50:04,617 - etl_pipeline - INFO - Inserting reviews data into PostgreSQL.
2026-06-18 09:50:23,644 - etl_pipeline - INFO - Starting the E-COMMERCE INGESTION WORKFLOW.
2026-06-18 09:50:23,644 - etl_pipeline - DEBUG - data from .csv
2026-06-18 09:50:23,644 - etl_pipeline - INFO - Reading data from CSV files.
2026-06-18 09:50:23,859 - etl_pipeline - INFO - Cleaning user data.
2026-06-18 09:50:23,859 - etl_pipeline - INFO - Cleaning user data.
2026-06-18 09:50:23,891 - etl_pipeline - INFO - Cleaning product data.
2026-06-18 09:50:23,897 - etl_pipeline - INFO - Cleaning sessions data.
2026-06-18 09:50:23,933 - etl_pipeline - INFO - Cleaning interactions data.
2026-06-18 09:50:24,165 - etl_pipeline - INFO - Cleaning purchases data.
2026-06-18 09:50:24,172 - etl_pipeline - INFO - Cleaning reviews data.
2026-06-18 09:50:24,322 - etl_pipeline - INFO - Inserting users data into PostgreSQL.
2026-06-18 09:50:24,322 - etl_pipeline - INFO - Inserting users data into the database.
2026-06-18 09:50:24,860 - etl_pipeline - INFO - Inserting products data into PostgreSQL.
2026-06-18 09:50:24,923 - etl_pipeline - INFO - Inserting sessions data into PostgreSQL.
2026-06-18 09:50:25,880 - etl_pipeline - INFO - Inserting interactions data into PostgreSQL.
2026-06-18 09:50:31,070 - etl_pipeline - INFO - Inserting purchases data into PostgreSQL.
2026-06-18 09:50:31,172 - etl_pipeline - INFO - Inserting reviews data into PostgreSQL.
2026-06-18 10:46:16,127 - etl_pipeline - INFO - Starting the E-COMMERCE INGESTION WORKFLOW.
2026-06-18 10:46:16,127 - etl_pipeline - DEBUG - data from .csv
2026-06-18 10:46:16,127 - etl_pipeline - INFO - Reading data from CSV files.
2026-06-18 10:46:16,350 - etl_pipeline - INFO - Cleaning user data.
2026-06-18 10:46:16,350 - etl_pipeline - INFO - Cleaning user data.
2026-06-18 10:46:16,350 - etl_pipeline - INFO - Cleaning users DataFrame.
2026-06-18 10:46:16,350 - etl_pipeline - INFO - Starting generic dataframe cleaning
2026-06-18 10:46:16,351 - etl_pipeline - DEBUG - Standardizing column names
2026-06-18 10:46:16,352 - etl_pipeline - DEBUG - Trimming whitespace from string columns
2026-06-18 10:46:16,368 - etl_pipeline - INFO - Removed 0 duplicate rows
2026-06-18 10:46:16,381 - etl_pipeline - INFO - Missing values after cleaning: 0
2026-06-18 10:46:16,381 - etl_pipeline - INFO - Finished generic dataframe cleaning
2026-06-18 10:46:16,381 - etl_pipeline - DEBUG - Converting signup_date to datetime
2026-06-18 10:46:16,385 - etl_pipeline - INFO - Users cleaned successfully. Rows: 10000
2026-06-18 10:46:16,385 - etl_pipeline - INFO - Cleaning product data.
2026-06-18 10:46:16,385 - etl_pipeline - INFO - Cleaning Products DataFrame.
2026-06-18 10:46:16,385 - etl_pipeline - INFO - Starting generic dataframe cleaning
2026-06-18 10:46:16,385 - etl_pipeline - DEBUG - Standardizing column names
2026-06-18 10:46:16,385 - etl_pipeline - DEBUG - Trimming whitespace from string columns
2026-06-18 10:46:16,389 - etl_pipeline - INFO - Removed 0 duplicate rows
2026-06-18 10:46:16,391 - etl_pipeline - INFO - Missing values after cleaning: 548
2026-06-18 10:46:16,391 - etl_pipeline - INFO - Finished generic dataframe cleaning
2026-06-18 10:46:16,391 - etl_pipeline - DEBUG - converting date_added to datetime
2026-06-18 10:46:16,391 - etl_pipeline - INFO - Products cleaned succesfully. Rows: 1000
2026-06-18 10:46:16,391 - etl_pipeline - INFO - Cleaning sessions data.
2026-06-18 10:46:16,391 - etl_pipeline - INFO - Cleaning sessions DataFrame.
2026-06-18 10:46:16,391 - etl_pipeline - INFO - Starting generic dataframe cleaning
2026-06-18 10:46:16,392 - etl_pipeline - DEBUG - Standardizing column names
2026-06-18 10:46:16,392 - etl_pipeline - DEBUG - Trimming whitespace from string columns
2026-06-18 10:46:16,409 - etl_pipeline - INFO - Removed 0 duplicate rows
2026-06-18 10:46:16,425 - etl_pipeline - INFO - Missing values after cleaning: 0
2026-06-18 10:46:16,425 - etl_pipeline - INFO - Finished generic dataframe cleaning
2026-06-18 10:46:16,425 - etl_pipeline - DEBUG - Converting start_time to datetime
2026-06-18 10:46:16,429 - etl_pipeline - INFO - Sessions cleaned successfully. Rows: 19315
2026-06-18 10:46:16,429 - etl_pipeline - INFO - Cleaning interactions data.
2026-06-18 10:46:16,429 - etl_pipeline - INFO - Cleaning interactions DataFrame
2026-06-18 10:46:16,429 - etl_pipeline - INFO - Starting generic dataframe cleaning
2026-06-18 10:46:16,433 - etl_pipeline - DEBUG - Standardizing column names
2026-06-18 10:46:16,433 - etl_pipeline - DEBUG - Trimming whitespace from string columns
2026-06-18 10:46:16,540 - etl_pipeline - INFO - Removed 0 duplicate rows
2026-06-18 10:46:16,651 - etl_pipeline - INFO - Missing values after cleaning: 0
2026-06-18 10:46:16,652 - etl_pipeline - INFO - Finished generic dataframe cleaning
2026-06-18 10:46:16,652 - etl_pipeline - DEBUG - converting timestamp to datetime
2026-06-18 10:46:16,666 - etl_pipeline - INFO - Interactions cleaned succesfully. Rows: 100000
2026-06-18 10:46:16,666 - etl_pipeline - INFO - Cleaning purchases data.
2026-06-18 10:46:16,666 - etl_pipeline - INFO - Cleaning purchases DataFrame.
2026-06-18 10:46:16,666 - etl_pipeline - INFO - Starting generic dataframe cleaning
2026-06-18 10:46:16,666 - etl_pipeline - DEBUG - Standardizing column names
2026-06-18 10:46:16,667 - etl_pipeline - DEBUG - Trimming whitespace from string columns
2026-06-18 10:46:16,670 - etl_pipeline - INFO - Removed 0 duplicate rows
2026-06-18 10:46:16,672 - etl_pipeline - INFO - Missing values after cleaning: 0
2026-06-18 10:46:16,673 - etl_pipeline - INFO - Finished generic dataframe cleaning
2026-06-18 10:46:16,673 - etl_pipeline - DEBUG - converting order_date to datetime.
2026-06-18 10:46:16,673 - etl_pipeline - INFO - Purchases cleaned succesfully. Rows: 1737
2026-06-18 10:46:16,673 - etl_pipeline - INFO - Cleaning reviews data.
2026-06-18 10:46:16,673 - etl_pipeline - INFO - Cleaning reviews DataFrame.
2026-06-18 10:46:16,673 - etl_pipeline - INFO - Starting generic dataframe cleaning
2026-06-18 10:46:16,673 - etl_pipeline - DEBUG - Standardizing column names
2026-06-18 10:46:16,674 - etl_pipeline - DEBUG - Trimming whitespace from string columns
2026-06-18 10:46:16,679 - etl_pipeline - INFO - Removed 0 duplicate rows
2026-06-18 10:46:16,681 - etl_pipeline - INFO - Missing values after cleaning: 200
2026-06-18 10:46:16,681 - etl_pipeline - INFO - Finished generic dataframe cleaning
2026-06-18 10:46:16,681 - etl_pipeline - DEBUG - Converting review_date to datetime.
2026-06-18 10:46:16,684 - etl_pipeline - INFO - Reviews cleaned succesfully. Rows: 1053
2026-06-18 10:46:17,098 - etl_pipeline - INFO - Inserting users data into PostgreSQL.
2026-06-18 10:46:17,098 - etl_pipeline - INFO - Inserting users data into the database.
2026-06-18 10:46:17,698 - etl_pipeline - INFO - Finished inserting users
2026-06-18 10:46:17,699 - etl_pipeline - INFO - Inserting products data into PostgreSQL.
2026-06-18 10:46:17,699 - etl_pipeline - INFO - Inserting products data into database
2026-06-18 10:46:17,760 - etl_pipeline - INFO - Inserted 1000 rows into products
2026-06-18 10:46:17,761 - etl_pipeline - INFO - Inserting sessions data into PostgreSQL.
2026-06-18 10:46:17,761 - etl_pipeline - INFO - Inserting sessions into the database
2026-06-18 10:46:18,686 - etl_pipeline - INFO - Inserted 19315 rows into sessions
2026-06-18 10:46:18,689 - etl_pipeline - INFO - Inserting interactions data into PostgreSQL.
2026-06-18 10:46:18,689 - etl_pipeline - INFO - Inserting interactions data into the database
2026-06-18 10:46:23,784 - etl_pipeline - INFO - Inserted 100000 rows into interactions
2026-06-18 10:46:23,791 - etl_pipeline - INFO - Inserting purchases data into PostgreSQL.
2026-06-18 10:46:23,791 - etl_pipeline - INFO - Inserting purchases data into database
2026-06-18 10:46:23,894 - etl_pipeline - INFO - Inserted 1737 rows into purchases
2026-06-18 10:46:23,895 - etl_pipeline - INFO - Inserting reviews data into PostgreSQL.
2026-06-18 10:46:23,895 - etl_pipeline - INFO - Inserting reviews data into database
2026-06-18 10:46:23,957 - etl_pipeline - INFO - Inserted 1053 rows into reviews
2026-06-18 10:56:25,196 - etl_pipeline - INFO - Starting the E-COMMERCE INGESTION WORKFLOW.
2026-06-18 10:56:25,196 - etl_pipeline - DEBUG - data from .csv
2026-06-18 10:56:25,196 - etl_pipeline - INFO - Reading data from CSV files.
2026-06-18 10:56:25,412 - etl_pipeline - INFO - Cleaning user data.
2026-06-18 10:56:25,412 - etl_pipeline - INFO - Cleaning user data.
2026-06-18 10:56:25,412 - etl_pipeline - INFO - Cleaning users DataFrame.
2026-06-18 10:56:25,412 - etl_pipeline - INFO - Starting generic dataframe cleaning
2026-06-18 10:56:25,413 - etl_pipeline - DEBUG - Standardizing column names
2026-06-18 10:56:25,414 - etl_pipeline - DEBUG - Trimming whitespace from string columns
2026-06-18 10:56:25,430 - etl_pipeline - INFO - Removed 0 duplicate rows
2026-06-18 10:56:25,444 - etl_pipeline - INFO - Missing values after cleaning: 0
2026-06-18 10:56:25,444 - etl_pipeline - INFO - Finished generic dataframe cleaning
2026-06-18 10:56:25,444 - etl_pipeline - DEBUG - Converting signup_date to datetime
2026-06-18 10:56:25,448 - etl_pipeline - INFO - Users cleaned successfully. Rows: 10000
2026-06-18 10:56:25,448 - etl_pipeline - INFO - Cleaning product data.
2026-06-18 10:56:25,448 - etl_pipeline - INFO - Cleaning Products DataFrame.
2026-06-18 10:56:25,448 - etl_pipeline - INFO - Starting generic dataframe cleaning
2026-06-18 10:56:25,448 - etl_pipeline - DEBUG - Standardizing column names
2026-06-18 10:56:25,448 - etl_pipeline - DEBUG - Trimming whitespace from string columns
2026-06-18 10:56:25,452 - etl_pipeline - INFO - Removed 0 duplicate rows
2026-06-18 10:56:25,454 - etl_pipeline - INFO - Missing values after cleaning: 548
2026-06-18 10:56:25,454 - etl_pipeline - INFO - Finished generic dataframe cleaning
2026-06-18 10:56:25,454 - etl_pipeline - DEBUG - converting date_added to datetime
2026-06-18 10:56:25,455 - etl_pipeline - INFO - Products cleaned succesfully. Rows: 1000
2026-06-18 10:56:25,455 - etl_pipeline - INFO - Cleaning sessions data.
2026-06-18 10:56:25,455 - etl_pipeline - INFO - Cleaning sessions DataFrame.
2026-06-18 10:56:25,455 - etl_pipeline - INFO - Starting generic dataframe cleaning
2026-06-18 10:56:25,455 - etl_pipeline - DEBUG - Standardizing column names
2026-06-18 10:56:25,456 - etl_pipeline - DEBUG - Trimming whitespace from string columns
2026-06-18 10:56:25,473 - etl_pipeline - INFO - Removed 0 duplicate rows
2026-06-18 10:56:25,489 - etl_pipeline - INFO - Missing values after cleaning: 0
2026-06-18 10:56:25,489 - etl_pipeline - INFO - Finished generic dataframe cleaning
2026-06-18 10:56:25,489 - etl_pipeline - DEBUG - Converting start_time to datetime
2026-06-18 10:56:25,493 - etl_pipeline - INFO - Sessions cleaned successfully. Rows: 19315
2026-06-18 10:56:25,493 - etl_pipeline - INFO - Cleaning interactions data.
2026-06-18 10:56:25,493 - etl_pipeline - INFO - Cleaning interactions DataFrame
2026-06-18 10:56:25,493 - etl_pipeline - INFO - Starting generic dataframe cleaning
2026-06-18 10:56:25,497 - etl_pipeline - DEBUG - Standardizing column names
2026-06-18 10:56:25,497 - etl_pipeline - DEBUG - Trimming whitespace from string columns
2026-06-18 10:56:25,602 - etl_pipeline - INFO - Removed 0 duplicate rows
2026-06-18 10:56:25,711 - etl_pipeline - INFO - Missing values after cleaning: 0
2026-06-18 10:56:25,711 - etl_pipeline - INFO - Finished generic dataframe cleaning
2026-06-18 10:56:25,711 - etl_pipeline - DEBUG - converting timestamp to datetime
2026-06-18 10:56:25,726 - etl_pipeline - INFO - Interactions cleaned succesfully. Rows: 100000
2026-06-18 10:56:25,726 - etl_pipeline - INFO - Cleaning purchases data.
2026-06-18 10:56:25,726 - etl_pipeline - INFO - Cleaning purchases DataFrame.
2026-06-18 10:56:25,726 - etl_pipeline - INFO - Starting generic dataframe cleaning
2026-06-18 10:56:25,726 - etl_pipeline - DEBUG - Standardizing column names
2026-06-18 10:56:25,727 - etl_pipeline - DEBUG - Trimming whitespace from string columns
2026-06-18 10:56:25,730 - etl_pipeline - INFO - Removed 0 duplicate rows
2026-06-18 10:56:25,732 - etl_pipeline - INFO - Missing values after cleaning: 0
2026-06-18 10:56:25,732 - etl_pipeline - INFO - Finished generic dataframe cleaning
2026-06-18 10:56:25,732 - etl_pipeline - DEBUG - converting order_date to datetime.
2026-06-18 10:56:25,733 - etl_pipeline - INFO - Purchases cleaned succesfully. Rows: 1737
2026-06-18 10:56:25,733 - etl_pipeline - INFO - Cleaning reviews data.
2026-06-18 10:56:25,733 - etl_pipeline - INFO - Cleaning reviews DataFrame.
2026-06-18 10:56:25,733 - etl_pipeline - INFO - Starting generic dataframe cleaning
2026-06-18 10:56:25,733 - etl_pipeline - DEBUG - Standardizing column names
2026-06-18 10:56:25,733 - etl_pipeline - DEBUG - Trimming whitespace from string columns
2026-06-18 10:56:25,739 - etl_pipeline - INFO - Removed 0 duplicate rows
2026-06-18 10:56:25,741 - etl_pipeline - INFO - Missing values after cleaning: 200
2026-06-18 10:56:25,741 - etl_pipeline - INFO - Finished generic dataframe cleaning
2026-06-18 10:56:25,741 - etl_pipeline - DEBUG - Converting review_date to datetime.
2026-06-18 10:56:25,743 - etl_pipeline - INFO - Reviews cleaned succesfully. Rows: 1053
2026-06-18 10:56:25,900 - etl_pipeline - INFO - Inserting users data into PostgreSQL.
2026-06-18 10:56:26,433 - etl_pipeline - INFO - Finished inserting users
2026-06-18 10:56:26,434 - etl_pipeline - INFO - Inserting products data into PostgreSQL.
2026-06-18 10:56:26,493 - etl_pipeline - INFO - Inserted 1000 rows into products
2026-06-18 10:56:26,494 - etl_pipeline - INFO - Inserting sessions data into PostgreSQL.
2026-06-18 10:56:27,397 - etl_pipeline - INFO - Inserted 19315 rows into sessions
2026-06-18 10:56:27,400 - etl_pipeline - INFO - Inserting interactions data into PostgreSQL.
2026-06-18 10:56:32,107 - etl_pipeline - INFO - Inserted 100000 rows into interactions
2026-06-18 10:56:32,113 - etl_pipeline - INFO - Inserting purchases data into PostgreSQL.
2026-06-18 10:56:32,207 - etl_pipeline - INFO - Inserted 1737 rows into purchases
2026-06-18 10:56:32,208 - etl_pipeline - INFO - Inserting reviews data into PostgreSQL.
2026-06-18 10:56:32,268 - etl_pipeline - INFO - Inserted 1053 rows into reviews
